

==========
test binarytree


==========
test unbound
ret = 0
ret = -2
-------------------------------
solver: 0
rows(0):
-------------------------------
ret = 0
@@@solvern
-------------------------------
solver: 0
rows(1):
1. d3 = 0
-------------------------------
ret = 0
-------------------------------
solver: 0
rows(1):
1. v1 = 10 + s4
-------------------------------
ret = 0
-------------------------------
solver: 0
rows(2):
1. v1 = 10 + s4
2. v2 = 5 + 0.5*s4 - 0.5*d5
-------------------------------
ret = -3
-------------------------------
solver: 0
rows(2):
1. v1 = 10 + s4
2. v2 = 5 + 0.5*s4 - 0.5*d5
-------------------------------
ret = 0
-------------------------------
solver: 0
rows(1):
1. v1 = 10 + s6
-------------------------------
ret = -3
-------------------------------
solver: 0
rows(1):
1. v1 = 10 + s6
-------------------------------
x: 10.000000
ret = 0
-------------------------------
solver: 0
rows(1):
1. v1 = 10 + d7
-------------------------------
ret = -2
-------------------------------
solver: 0
rows(1):
1. v1 = 10 + d7
-------------------------------
ret = 0
-------------------------------
solver: 0
rows(2):
1. d8 = -0 + d7
2. v1 = 10 + d7
-------------------------------


==========
test strength
ret = 0
50.000000, 50.000000
40.000000, 40.000000
50.000000, 50.000000


==========
test suggest
ret = 0


==========
test suggest
pos:  -10 | splitter_l l= 0, w= 0, r= 0 | left_child_l l= 0, w= 0, r= 0 | splitter_bar_l l= 0, w= 0, r= 0 | right_child_l l= 0, w= 0, r= 0 | 
pos:   -9 | splitter_l l= 0, w= 0, r= 0 | left_child_l l= 0, w= 0, r= 0 | splitter_bar_l l= 0, w= 0, r= 0 | right_child_l l= 0, w= 0, r= 0 | 
pos:   -8 | splitter_l l= 0, w= 0, r= 0 | left_child_l l= 0, w= 0, r= 0 | splitter_bar_l l= 0, w= 0, r= 0 | right_child_l l= 0, w= 0, r= 0 | 
pos:   -7 | splitter_l l= 0, w= 0, r= 0 | left_child_l l= 0, w= 0, r= 0 | splitter_bar_l l= 0, w= 0, r= 0 | right_child_l l= 0, w= 0, r= 0 | 
pos:   -6 | splitter_l l= 0, w= 0, r= 0 | left_child_l l= 0, w= 0, r= 0 | splitter_bar_l l= 0, w= 0, r= 0 | right_child_l l= 0, w= 0, r= 0 | 
pos:   -5 | splitter_l l= 0, w= 0, r= 0 | left_child_l l= 0, w= 0, r= 0 | splitter_bar_l l= 0, w= 0, r= 0 | right_child_l l= 0, w= 0, r= 0 | 
pos:   -4 | splitter_l l= 0, w= 0, r= 0 | left_child_l l= 0, w= 0, r= 0 | splitter_bar_l l= 0, w= 0, r= 0 | right_child_l l= 0, w= 0, r= 0 | 
pos:   -3 | splitter_l l= 0, w= 0, r= 0 | left_child_l l= 0, w= 0, r= 0 | splitter_bar_l l= 0, w= 0, r= 0 | right_child_l l= 0, w= 0, r= 0 | 
pos:   -2 | splitter_l l= 0, w= 0, r= 0 | left_child_l l= 0, w= 0, r= 0 | splitter_bar_l l= 0, w= 0, r= 0 | right_child_l l= 0, w= 0, r= 0 | 
pos:   -1 | splitter_l l= 0, w= 0, r= 0 | left_child_l l= 0, w= 0, r= 0 | splitter_bar_l l= 0, w= 0, r= 0 | right_child_l l= 0, w= 0, r= 0 | 
pos:    0 | splitter_l l= 0, w= 0, r= 0 | left_child_l l= 0, w= 0, r= 0 | splitter_bar_l l= 0, w= 0, r= 0 | right_child_l l= 0, w= 0, r= 0 | 
pos:    1 | splitter_l l= 0, w= 0, r= 0 | left_child_l l= 0, w= 0, r= 0 | splitter_bar_l l= 0, w= 0, r= 0 | right_child_l l= 0, w= 0, r= 0 | 
pos:    2 | splitter_l l= 0, w= 0, r= 0 | left_child_l l= 0, w= 0, r= 0 | splitter_bar_l l= 0, w= 0, r= 0 | right_child_l l= 0, w= 0, r= 0 | 
pos:    3 | splitter_l l= 0, w= 0, r= 0 | left_child_l l= 0, w= 0, r= 0 | splitter_bar_l l= 0, w= 0, r= 0 | right_child_l l= 0, w= 0, r= 0 | 
pos:    4 | splitter_l l= 0, w= 0, r= 0 | left_child_l l= 0, w= 0, r= 0 | splitter_bar_l l= 0, w= 0, r= 0 | right_child_l l= 0, w= 0, r= 0 | 
pos:    5 | splitter_l l= 0, w= 0, r= 0 | left_child_l l= 0, w= 0, r= 0 | splitter_bar_l l= 0, w= 0, r= 0 | right_child_l l= 0, w= 0, r= 0 | 
pos:    6 | splitter_l l= 0, w= 0, r= 0 | left_child_l l= 0, w= 0, r= 0 | splitter_bar_l l= 0, w= 0, r= 0 | right_child_l l= 0, w= 0, r= 0 | 
pos:    7 | splitter_l l= 0, w= 0, r= 0 | left_child_l l= 0, w= 0, r= 0 | splitter_bar_l l= 0, w= 0, r= 0 | right_child_l l= 0, w= 0, r= 0 | 
pos:    8 | splitter_l l= 0, w= 0, r= 0 | left_child_l l= 0, w= 0, r= 0 | splitter_bar_l l= 0, w= 0, r= 0 | right_child_l l= 0, w= 0, r= 0 | 
pos:    9 | splitter_l l= 0, w= 0, r= 0 | left_child_l l= 0, w= 0, r= 0 | splitter_bar_l l= 0, w= 0, r= 0 | right_child_l l= 0, w= 0, r= 0 | 
pos:   10 | splitter_l l= 0, w= 0, r= 0 | left_child_l l= 0, w= 0, r= 0 | splitter_bar_l l= 0, w= 0, r= 0 | right_child_l l= 0, w= 0, r= 0 | 
pos:   11 | splitter_l l= 0, w= 0, r= 0 | left_child_l l= 0, w= 0, r= 0 | splitter_bar_l l= 0, w= 0, r= 0 | right_child_l l= 0, w= 0, r= 0 | 
pos:   12 | splitter_l l= 0, w= 0, r= 0 | left_child_l l= 0, w= 0, r= 0 | splitter_bar_l l= 0, w= 0, r= 0 | right_child_l l= 0, w= 0, r= 0 | 
pos:   13 | splitter_l l= 0, w= 0, r= 0 | left_child_l l= 0, w= 0, r= 0 | splitter_bar_l l= 0, w= 0, r= 0 | right_child_l l= 0, w= 0, r= 0 | 
pos:   14 | splitter_l l= 0, w= 0, r= 0 | left_child_l l= 0, w= 0, r= 0 | splitter_bar_l l= 0, w= 0, r= 0 | right_child_l l= 0, w= 0, r= 0 | 
pos:   15 | splitter_l l= 0, w= 0, r= 0 | left_child_l l= 0, w= 0, r= 0 | splitter_bar_l l= 0, w= 0, r= 0 | right_child_l l= 0, w= 0, r= 0 | 
pos:   16 | splitter_l l= 0, w= 0, r= 0 | left_child_l l= 0, w= 0, r= 0 | splitter_bar_l l= 0, w= 0, r= 0 | right_child_l l= 0, w= 0, r= 0 | 
pos:   17 | splitter_l l= 0, w= 0, r= 0 | left_child_l l= 0, w= 0, r= 0 | splitter_bar_l l= 0, w= 0, r= 0 | right_child_l l= 0, w= 0, r= 0 | 
pos:   18 | splitter_l l= 0, w= 0, r= 0 | left_child_l l= 0, w= 0, r= 0 | splitter_bar_l l= 0, w= 0, r= 0 | right_child_l l= 0, w= 0, r= 0 | 
pos:   19 | splitter_l l= 0, w= 0, r= 0 | left_child_l l= 0, w= 0, r= 0 | splitter_bar_l l= 0, w= 0, r= 0 | right_child_l l= 0, w= 0, r= 0 | 
pos:   20 | splitter_l l= 0, w= 0, r= 0 | left_child_l l= 0, w= 0, r= 0 | splitter_bar_l l= 0, w= 0, r= 0 | right_child_l l= 0, w= 0, r= 0 | 
pos:   21 | splitter_l l= 0, w= 0, r= 0 | left_child_l l= 0, w= 0, r= 0 | splitter_bar_l l= 0, w= 0, r= 0 | right_child_l l= 0, w= 0, r= 0 | 
pos:   22 | splitter_l l= 0, w= 0, r= 0 | left_child_l l= 0, w= 0, r= 0 | splitter_bar_l l= 0, w= 0, r= 0 | right_child_l l= 0, w= 0, r= 0 | 
pos:   23 | splitter_l l= 0, w= 0, r= 0 | left_child_l l= 0, w= 0, r= 0 | splitter_bar_l l= 0, w= 0, r= 0 | right_child_l l= 0, w= 0, r= 0 | 
pos:   24 | splitter_l l= 0, w= 0, r= 0 | left_child_l l= 0, w= 0, r= 0 | splitter_bar_l l= 0, w= 0, r= 0 | right_child_l l= 0, w= 0, r= 0 | 
pos:   25 | splitter_l l= 0, w= 0, r= 0 | left_child_l l= 0, w= 0, r= 0 | splitter_bar_l l= 0, w= 0, r= 0 | right_child_l l= 0, w= 0, r= 0 | 
pos:   26 | splitter_l l= 0, w= 0, r= 0 | left_child_l l= 0, w= 0, r= 0 | splitter_bar_l l= 0, w= 0, r= 0 | right_child_l l= 0, w= 0, r= 0 | 
pos:   27 | splitter_l l= 0, w= 0, r= 0 | left_child_l l= 0, w= 0, r= 0 | splitter_bar_l l= 0, w= 0, r= 0 | right_child_l l= 0, w= 0, r= 0 | 
pos:   28 | splitter_l l= 0, w= 0, r= 0 | left_child_l l= 0, w= 0, r= 0 | splitter_bar_l l= 0, w= 0, r= 0 | right_child_l l= 0, w= 0, r= 0 | 
pos:   29 | splitter_l l= 0, w= 0, r= 0 | left_child_l l= 0, w= 0, r= 0 | splitter_bar_l l= 0, w= 0, r= 0 | right_child_l l= 0, w= 0, r= 0 | 
pos:   30 | splitter_l l= 0, w= 0, r= 0 | left_child_l l= 0, w= 0, r= 0 | splitter_bar_l l= 0, w= 0, r= 0 | right_child_l l= 0, w= 0, r= 0 | 
pos:   31 | splitter_l l= 0, w= 0, r= 0 | left_child_l l= 0, w= 0, r= 0 | splitter_bar_l l= 0, w= 0, r= 0 | right_child_l l= 0, w= 0, r= 0 | 
pos:   32 | splitter_l l= 0, w= 0, r= 0 | left_child_l l= 0, w= 0, r= 0 | splitter_bar_l l= 0, w= 0, r= 0 | right_child_l l= 0, w= 0, r= 0 | 
pos:   33 | splitter_l l= 0, w= 0, r= 0 | left_child_l l= 0, w= 0, r= 0 | splitter_bar_l l= 0, w= 0, r= 0 | right_child_l l= 0, w= 0, r= 0 | 
pos:   34 | splitter_l l= 0, w= 0, r= 0 | left_child_l l= 0, w= 0, r= 0 | splitter_bar_l l= 0, w= 0, r= 0 | right_child_l l= 0, w= 0, r= 0 | 
pos:   35 | splitter_l l= 0, w= 0, r= 0 | left_child_l l= 0, w= 0, r= 0 | splitter_bar_l l= 0, w= 0, r= 0 | right_child_l l= 0, w= 0, r= 0 | 
pos:   36 | splitter_l l= 0, w= 0, r= 0 | left_child_l l= 0, w= 0, r= 0 | splitter_bar_l l= 0, w= 0, r= 0 | right_child_l l= 0, w= 0, r= 0 | 
pos:   37 | splitter_l l= 0, w= 0, r= 0 | left_child_l l= 0, w= 0, r= 0 | splitter_bar_l l= 0, w= 0, r= 0 | right_child_l l= 0, w= 0, r= 0 | 
pos:   38 | splitter_l l= 0, w= 0, r= 0 | left_child_l l= 0, w= 0, r= 0 | splitter_bar_l l= 0, w= 0, r= 0 | right_child_l l= 0, w= 0, r= 0 | 
pos:   39 | splitter_l l= 0, w= 0, r= 0 | left_child_l l= 0, w= 0, r= 0 | splitter_bar_l l= 0, w= 0, r= 0 | right_child_l l= 0, w= 0, r= 0 | 
pos:   40 | splitter_l l= 0, w= 0, r= 0 | left_child_l l= 0, w= 0, r= 0 | splitter_bar_l l= 0, w= 0, r= 0 | right_child_l l= 0, w= 0, r= 0 | 
pos:   41 | splitter_l l= 0, w= 0, r= 0 | left_child_l l= 0, w= 0, r= 0 | splitter_bar_l l= 0, w= 0, r= 0 | right_child_l l= 0, w= 0, r= 0 | 
pos:   42 | splitter_l l= 0, w= 0, r= 0 | left_child_l l= 0, w= 0, r= 0 | splitter_bar_l l= 0, w= 0, r= 0 | right_child_l l= 0, w= 0, r= 0 | 
pos:   43 | splitter_l l= 0, w= 0, r= 0 | left_child_l l= 0, w= 0, r= 0 | splitter_bar_l l= 0, w= 0, r= 0 | right_child_l l= 0, w= 0, r= 0 | 
pos:   44 | splitter_l l= 0, w= 0, r= 0 | left_child_l l= 0, w= 0, r= 0 | splitter_bar_l l= 0, w= 0, r= 0 | right_child_l l= 0, w= 0, r= 0 | 
pos:   45 | splitter_l l= 0, w= 0, r= 0 | left_child_l l= 0, w= 0, r= 0 | splitter_bar_l l= 0, w= 0, r= 0 | right_child_l l= 0, w= 0, r= 0 | 
pos:   46 | splitter_l l= 0, w= 0, r= 0 | left_child_l l= 0, w= 0, r= 0 | splitter_bar_l l= 0, w= 0, r= 0 | right_child_l l= 0, w= 0, r= 0 | 
pos:   47 | splitter_l l= 0, w= 0, r= 0 | left_child_l l= 0, w= 0, r= 0 | splitter_bar_l l= 0, w= 0, r= 0 | right_child_l l= 0, w= 0, r= 0 | 
pos:   48 | splitter_l l= 0, w= 0, r= 0 | left_child_l l= 0, w= 0, r= 0 | splitter_bar_l l= 0, w= 0, r= 0 | right_child_l l= 0, w= 0, r= 0 | 
pos:   49 | splitter_l l= 0, w= 0, r= 0 | left_child_l l= 0, w= 0, r= 0 | splitter_bar_l l= 0, w= 0, r= 0 | right_child_l l= 0, w= 0, r= 0 | 
pos:   50 | splitter_l l= 0, w= 0, r= 0 | left_child_l l= 0, w= 0, r= 0 | splitter_bar_l l= 0, w= 0, r= 0 | right_child_l l= 0, w= 0, r= 0 | 
pos:   51 | splitter_l l= 0, w= 0, r= 0 | left_child_l l= 0, w= 0, r= 0 | splitter_bar_l l= 0, w= 0, r= 0 | right_child_l l= 0, w= 0, r= 0 | 
pos:   52 | splitter_l l= 0, w= 0, r= 0 | left_child_l l= 0, w= 0, r= 0 | splitter_bar_l l= 0, w= 0, r= 0 | right_child_l l= 0, w= 0, r= 0 | 
pos:   53 | splitter_l l= 0, w= 0, r= 0 | left_child_l l= 0, w= 0, r= 0 | splitter_bar_l l= 0, w= 0, r= 0 | right_child_l l= 0, w= 0, r= 0 | 
pos:   54 | splitter_l l= 0, w= 0, r= 0 | left_child_l l= 0, w= 0, r= 0 | splitter_bar_l l= 0, w= 0, r= 0 | right_child_l l= 0, w= 0, r= 0 | 
pos:   55 | splitter_l l= 0, w= 0, r= 0 | left_child_l l= 0, w= 0, r= 0 | splitter_bar_l l= 0, w= 0, r= 0 | right_child_l l= 0, w= 0, r= 0 | 
pos:   56 | splitter_l l= 0, w= 0, r= 0 | left_child_l l= 0, w= 0, r= 0 | splitter_bar_l l= 0, w= 0, r= 0 | right_child_l l= 0, w= 0, r= 0 | 
pos:   57 | splitter_l l= 0, w= 0, r= 0 | left_child_l l= 0, w= 0, r= 0 | splitter_bar_l l= 0, w= 0, r= 0 | right_child_l l= 0, w= 0, r= 0 | 
pos:   58 | splitter_l l= 0, w= 0, r= 0 | left_child_l l= 0, w= 0, r= 0 | splitter_bar_l l= 0, w= 0, r= 0 | right_child_l l= 0, w= 0, r= 0 | 
pos:   59 | splitter_l l= 0, w= 0, r= 0 | left_child_l l= 0, w= 0, r= 0 | splitter_bar_l l= 0, w= 0, r= 0 | right_child_l l= 0, w= 0, r= 0 | 
pos:   60 | splitter_l l= 0, w= 0, r= 0 | left_child_l l= 0, w= 0, r= 0 | splitter_bar_l l= 0, w= 0, r= 0 | right_child_l l= 0, w= 0, r= 0 | 
pos:   61 | splitter_l l= 0, w= 0, r= 0 | left_child_l l= 0, w= 0, r= 0 | splitter_bar_l l= 0, w= 0, r= 0 | right_child_l l= 0, w= 0, r= 0 | 
pos:   62 | splitter_l l= 0, w= 0, r= 0 | left_child_l l= 0, w= 0, r= 0 | splitter_bar_l l= 0, w= 0, r= 0 | right_child_l l= 0, w= 0, r= 0 | 
pos:   63 | splitter_l l= 0, w= 0, r= 0 | left_child_l l= 0, w= 0, r= 0 | splitter_bar_l l= 0, w= 0, r= 0 | right_child_l l= 0, w= 0, r= 0 | 
pos:   64 | splitter_l l= 0, w= 0, r= 0 | left_child_l l= 0, w= 0, r= 0 | splitter_bar_l l= 0, w= 0, r= 0 | right_child_l l= 0, w= 0, r= 0 | 
pos:   65 | splitter_l l= 0, w= 0, r= 0 | left_child_l l= 0, w= 0, r= 0 | splitter_bar_l l= 0, w= 0, r= 0 | right_child_l l= 0, w= 0, r= 0 | 
pos:   66 | splitter_l l= 0, w= 0, r= 0 | left_child_l l= 0, w= 0, r= 0 | splitter_bar_l l= 0, w= 0, r= 0 | right_child_l l= 0, w= 0, r= 0 | 
pos:   67 | splitter_l l= 0, w= 0, r= 0 | left_child_l l= 0, w= 0, r= 0 | splitter_bar_l l= 0, w= 0, r= 0 | right_child_l l= 0, w= 0, r= 0 | 
pos:   68 | splitter_l l= 0, w= 0, r= 0 | left_child_l l= 0, w= 0, r= 0 | splitter_bar_l l= 0, w= 0, r= 0 | right_child_l l= 0, w= 0, r= 0 | 
pos:   69 | splitter_l l= 0, w= 0, r= 0 | left_child_l l= 0, w= 0, r= 0 | splitter_bar_l l= 0, w= 0, r= 0 | right_child_l l= 0, w= 0, r= 0 | 
pos:   70 | splitter_l l= 0, w= 0, r= 0 | left_child_l l= 0, w= 0, r= 0 | splitter_bar_l l= 0, w= 0, r= 0 | right_child_l l= 0, w= 0, r= 0 | 
pos:   71 | splitter_l l= 0, w= 0, r= 0 | left_child_l l= 0, w= 0, r= 0 | splitter_bar_l l= 0, w= 0, r= 0 | right_child_l l= 0, w= 0, r= 0 | 
pos:   72 | splitter_l l= 0, w= 0, r= 0 | left_child_l l= 0, w= 0, r= 0 | splitter_bar_l l= 0, w= 0, r= 0 | right_child_l l= 0, w= 0, r= 0 | 
pos:   73 | splitter_l l= 0, w= 0, r= 0 | left_child_l l= 0, w= 0, r= 0 | splitter_bar_l l= 0, w= 0, r= 0 | right_child_l l= 0, w= 0, r= 0 | 
pos:   74 | splitter_l l= 0, w= 0, r= 0 | left_child_l l= 0, w= 0, r= 0 | splitter_bar_l l= 0, w= 0, r= 0 | right_child_l l= 0, w= 0, r= 0 | 
pos:   75 | splitter_l l= 0, w= 0, r= 0 | left_child_l l= 0, w= 0, r= 0 | splitter_bar_l l= 0, w= 0, r= 0 | right_child_l l= 0, w= 0, r= 0 | 
pos:   76 | splitter_l l= 0, w= 0, r= 0 | left_child_l l= 0, w= 0, r= 0 | splitter_bar_l l= 0, w= 0, r= 0 | right_child_l l= 0, w= 0, r= 0 | 
pos:   77 | splitter_l l= 0, w= 0, r= 0 | left_child_l l= 0, w= 0, r= 0 | splitter_bar_l l= 0, w= 0, r= 0 | right_child_l l= 0, w= 0, r= 0 | 
pos:   78 | splitter_l l= 0, w= 0, r= 0 | left_child_l l= 0, w= 0, r= 0 | splitter_bar_l l= 0, w= 0, r= 0 | right_child_l l= 0, w= 0, r= 0 | 
pos:   79 | splitter_l l= 0, w= 0, r= 0 | left_child_l l= 0, w= 0, r= 0 | splitter_bar_l l= 0, w= 0, r= 0 | right_child_l l= 0, w= 0, r= 0 | 
pos:   80 | splitter_l l= 0, w= 0, r= 0 | left_child_l l= 0, w= 0, r= 0 | splitter_bar_l l= 0, w= 0, r= 0 | right_child_l l= 0, w= 0, r= 0 | 
pos:   81 | splitter_l l= 0, w= 0, r= 0 | left_child_l l= 0, w= 0, r= 0 | splitter_bar_l l= 0, w= 0, r= 0 | right_child_l l= 0, w= 0, r= 0 | 
pos:   82 | splitter_l l= 0, w= 0, r= 0 | left_child_l l= 0, w= 0, r= 0 | splitter_bar_l l= 0, w= 0, r= 0 | right_child_l l= 0, w= 0, r= 0 | 
pos:   83 | splitter_l l= 0, w= 0, r= 0 | left_child_l l= 0, w= 0, r= 0 | splitter_bar_l l= 0, w= 0, r= 0 | right_child_l l= 0, w= 0, r= 0 | 
pos:   84 | splitter_l l= 0, w= 0, r= 0 | left_child_l l= 0, w= 0, r= 0 | splitter_bar_l l= 0, w= 0, r= 0 | right_child_l l= 0, w= 0, r= 0 | 
pos:   85 | splitter_l l= 0, w= 0, r= 0 | left_child_l l= 0, w= 0, r= 0 | splitter_bar_l l= 0, w= 0, r= 0 | right_child_l l= 0, w= 0, r= 0 | 
after edit
-------------------------------
solver: 0 + 1e+06*e5 + 1e+06*e6
rows(1):
1. v1 = 0 - e6 + e5
-------------------------------
-------------------------------
solver: 0 + 1e+06*e5 + 1e+06*e6
rows(2):
1. v1 = 0 - e6 + e5
2. v2 = 0 + e5 - e6 + d7
-------------------------------
-------------------------------
solver: 0 + 1e+06*e5 + 1e+06*e6
rows(3):
1. v1 = 0 - e6 + e5
2. v2 = 0 + e5 - e6 + d7
3. v3 = 0 - d8 + e5 - e6 + d7
-------------------------------
-------------------------------
solver: 0 + 1e+06*e5 + 1e+06*e6
rows(4):
1. v4 = 0 - d8 - d9 + e5 - e6 + d7
2. v1 = 0 - e6 + e5
3. v2 = 0 + e5 - e6 + d7
4. v3 = 0 - d8 + e5 - e6 + d7
-------------------------------
-------------------------------
solver: 0 + 1e+06*e5 + 1e+06*e6
rows(5):
1. v1 = 0 - e6 + e5
2. v2 = 0 + e5 - e6 + d7
3. v3 = 0 - d8 + e5 - e6 + d7
4. v4 = 0 - d8 - d9 + e5 - e6 + d7
5. d10 = -0 - d8 - d9 + d7
-------------------------------


==========
test all
ret = 0
-------------------------------
solver: 0
rows(1):
1. v1 = -0 + s5
-------------------------------
-------------------------------
solver: 0
rows(2):
1. s8 = 0 + d9
2. v1 = 0 + d9
-------------------------------
-------------------------------
solver: 0
rows(0):
-------------------------------
-------------------------------
solver: 0
rows(1):
1. v1 = 0 - d10 + 2*v2 - v3
-------------------------------
-------------------------------
solver: 0
rows(2):
1. v1 = -10 - s11 + v3
2. v2 = -5 - 0.5*s11 + 0.5*d10 + v3
-------------------------------
-------------------------------
solver: 0
rows(3):
1. v1 = 90 - s12 - s11
2. v2 = 95 - s12 + 0.5*d10 - 0.5*s11
3. v3 = 100 - s12
-------------------------------
-------------------------------
solver: 0
rows(4):
1. s13 = 90 - s12 - s11
2. v1 = 90 - s12 - s11
3. v2 = 95 - s12 + 0.5*d10 - 0.5*s11
4. v3 = 100 - s12
-------------------------------
-------------------------------
solver: 0
rows(5):
1. v1 = 90 - s12 - s11
2. v2 = 95 - s12 + 0.5*d10 - 0.5*s11
3. v3 = 100 - s12
4. s13 = 90 - s12 - s11
5. s14 = 90 - s12 - s11
-------------------------------
-------------------------------
solver: 0
rows(6):
1. s16 = 0 + d15
2. v1 = 0 + d15
3. v2 = 5 + d15 + 0.5*d10 + 0.5*s11
4. v3 = 10 + d15 + s11
5. s12 = 90 - d15 - s11
6. s13 = -0 + d15
-------------------------------
-------------------------------
solver: 0
rows(1):
1. v1 = 0 + d15
-------------------------------
after reset
-------------------------------
solver: 0
rows(0):
-------------------------------
after initialize
-------------------------------
solver: 0
rows(4):
1. s24 = 90 - s22 - s23
2. v1 = 90 - s22 - s23
3. v2 = 95 - 0.5*s22 + 0.5*d21 - s23
4. v3 = 100 - s23
-------------------------------
xl: 90.000000, xm: 95.000000, xr: 100.000000
-------------------------------
solver: 0 + 1000*e25 + 1000*e26
rows(5):
1. s24 = 90 - d21 + 2*e25 - 2*e26 + s23
2. v1 = 90 + 2*e25 - 2*e26 - d21 + s23
3. v2 = 95 + e25 - e26
4. v3 = 100 - s23
5. s22 = 0 - 2*e25 + 2*e26 + d21 - 2*s23
-------------------------------
xl: 90.000000, xm: 95.000000, xr: 100.000000
suggest to 0.0
-------------------------------
solver: 5000 + 1000*s24 + 2000*e26 + 500*d21 + 500*s22
rows(5):
1. v1 = 0 + s24
2. v2 = 5 + s24 + 0.5*d21 + 0.5*s22
3. v3 = 10 + s24 + s22
4. e25 = 5 + s24 + e26 + 0.5*d21 + 0.5*s22
5. s23 = 90 - s24 - s22
-------------------------------
xl: 0.000000, xm: 5.000000, xr: 10.000000
suggest to 70.0
-------------------------------
solver: 70000 + 1000*e25 + 1000*e26
rows(5):
1. s24 = 65 + e25 - e26 - 0.5*d21 - 0.5*s22
2. v1 = 65 + e25 - e26 - 0.5*d21 - 0.5*s22
3. v2 = 70 - e26 + e25
4. v3 = 75 + e25 - e26 - 0.5*d21 + 0.5*s22
5. s23 = 25 - e25 + e26 + 0.5*d21 - 0.5*s22
-------------------------------
xl: 65.000000, xm: 70.000000, xr: 75.000000
-------------------------------
solver: 0
rows(4):
1. s24 = 90 - s22 - s23
2. v1 = 90 - s22 - s23
3. v2 = 95 + 0.5*d21 - 0.5*s22 - s23
4. v3 = 100 - s23
-------------------------------
xl: 90.000000, xm: 95.000000, xr: 100.000000
