eefdbbc0 vcvt_s32_f64 al, s23, d0
e12fff31 blx_reg al, r1
924aa001 sub_imm ls, sl, sl, 1
ebffdc62 bl al, -9118
e8bd87f0 ldmia_update al, reglist:0x87f0, sp
ecbd8b08 vldmia_f_update al, d8, regrange:4, sp
08bd81f0 ldmia_update eq, reglist:0x81f0, sp
e1920f9f ldrex al, r0, r2
015461fa ldrsh_imm_sub eq, r6, r4, 26
e3c70102 bic_imm al, r0, r7, -2147483648
0 and_regimm eq, r0, r0, r0, lsl, 0
