Code generator dry run - no execution

EmitNull
 0 ['01', '00', '80', 'e2'] e2800001 add_imm r0 r0 1
 1 ['0e', 'f0', 'a0', 'e1'] e1a0f00e mov_regimm pc lr lsl 0

EmitMul
 0 ['91', '00', '00', 'e0'] e0000091 mul r0 r1 r0
 1 ['0e', 'f0', 'a0', 'e1'] e1a0f00e mov_regimm pc lr lsl 0

EmitFib
 0 ['30', '40', '2d', 'e9'] e92d4030 stmdb_update sp reglist:0x4030
 1 ['01', '00', '50', 'e3'] e3500001 cmp_imm r0 1
 2 ['07', '00', '00', 'da'] da000007 b le 7
 3 ['00', '40', 'a0', 'e3'] e3a04000 mov_imm r4 0
 4 ['00', '50', 'a0', 'e1'] e1a05000 mov_regimm r5 r0 lsl 0
 5 ['01', '00', '45', 'e2'] e2450001 sub_imm r0 r5 1
 6 ['f8', 'ff', 'ff', 'eb'] ebfffff8 bl -8
 7 ['00', '40', '84', 'e0'] e0844000 add_regimm r4 r4 r0 lsl 0
 8 ['02', '00', '45', 'e2'] e2450002 sub_imm r0 r5 2
 9 ['f5', 'ff', 'ff', 'eb'] ebfffff5 bl -11
10 ['00', '00', '84', 'e0'] e0840000 add_regimm r0 r4 r0 lsl 0
11 ['30', '80', 'bd', 'e8'] e8bd8030 ldmia_update reglist:0x8030 sp
